{"level":"ERROR","location":"[get_call:155] fyersModel","message":{"API":"/quotes","error":"not a valid non-string sequence or mapping object"},"timestamp":"2025-05-14 09:07:52,403+0530","service":"FyersAPI"}
{"level":"ERROR","location":"[get_call:164] fyersModel","message":{"API":"/positions","error":"HTTPSConnectionPool(host='api-t1.fyers.in', port=443): Read timed out. (read timeout=None)"},"timestamp":"2025-05-14 10:20:10,676+0530","service":"FyersAPI"}
{"level":"ERROR","location":"[get_call:155] fyersModel","message":{"API":"/quotes","error":"not a valid non-string sequence or mapping object"},"timestamp":"2025-05-14 10:31:05,958+0530","service":"FyersAPI"}
{"level":"ERROR","location":"[get_call:155] fyersModel","message":{"API":"/quotes","error":"not a valid non-string sequence or mapping object"},"timestamp":"2025-05-14 10:32:19,301+0530","service":"FyersAPI"}
{"level":"ERROR","location":"[get_call:146] fyersModel","message":{"API":"/quotes","Error":{"message":"Please provide valid inputs","code":-50,"s":"error"}},"timestamp":"2025-05-15 08:28:00,720+0530","service":"FyersAPI"}
{"level":"ERROR","location":"[get_call:146] fyersModel","message":{"API":"/quotes","Error":{"message":"Please provide valid inputs","code":-50,"s":"error"}},"timestamp":"2025-05-15 08:44:29,233+0530","service":"FyersAPI"}
{"level":"ERROR","location":"[get_call:146] fyersModel","message":{"API":"/quotes","Error":{"message":"Please provide valid inputs","code":-50,"s":"error"}},"timestamp":"2025-05-15 08:44:50,009+0530","service":"FyersAPI"}
{"level":"ERROR","location":"[get_call:146] fyersModel","message":{"API":"/quotes","Error":{"message":"Please provide valid inputs","code":-50,"s":"error"}},"timestamp":"2025-05-15 08:49:19,550+0530","service":"FyersAPI"}
{"level":"ERROR","location":"[post_call:89] fyersModel","message":{"API":"/orders/sync","Error":{"code":-50,"message":"qty: Must be greater than or equal to 1","s":"error"}},"timestamp":"2025-05-15 10:39:53,170+0530","service":"FyersAPI"}
{"level":"ERROR","location":"[post_call:89] fyersModel","message":{"API":"/orders/sync","Error":{"code":-50,"message":"qty: Must be greater than or equal to 1","s":"error"}},"timestamp":"2025-05-15 10:39:57,914+0530","service":"FyersAPI"}
{"level":"ERROR","location":"[post_call:89] fyersModel","message":{"API":"/orders/sync","Error":{"code":-50,"message":"qty: Must be greater than or equal to 1","s":"error"}},"timestamp":"2025-05-15 10:40:00,013+0530","service":"FyersAPI"}
{"level":"ERROR","location":"[post_call:89] fyersModel","message":{"API":"/orders/sync","Error":{"code":-50,"message":"qty: Must be greater than or equal to 1","s":"error"}},"timestamp":"2025-05-15 10:40:01,028+0530","service":"FyersAPI"}
{"level":"ERROR","location":"[post_call:89] fyersModel","message":{"API":"/orders/sync","Error":{"code":-50,"message":"qty: Must be greater than or equal to 1","s":"error"}},"timestamp":"2025-05-15 10:40:11,492+0530","service":"FyersAPI"}
{"level":"ERROR","location":"[post_call:89] fyersModel","message":{"API":"/orders/sync","Error":{"code":-50,"message":"qty: Must be greater than or equal to 1","s":"error"}},"timestamp":"2025-05-15 10:40:12,512+0530","service":"FyersAPI"}
{"level":"ERROR","location":"[get_call:164] fyersModel","message":{"API":"/positions","error":"HTTPSConnectionPool(host='api-t1.fyers.in', port=443): Read timed out. (read timeout=None)"},"timestamp":"2025-05-16 09:33:57,380+0530","service":"FyersAPI"}
{"level":"ERROR","location":"[get_call:164] fyersModel","message":{"API":"/positions","error":"Expecting value: line 1 column 1 (char 0)"},"timestamp":"2025-05-16 09:36:33,487+0530","service":"FyersAPI"}
{"level":"ERROR","location":"[post_call:89] fyersModel","message":{"API":"/orders/sync","Error":{"code":-50,"message":"qty: Must be greater than or equal to 1","s":"error"}},"timestamp":"2025-05-16 17:40:32,550+0530","service":"FyersAPI"}
{"level":"ERROR","location":"[post_call:89] fyersModel","message":{"API":"/orders/sync","Error":{"code":-50,"message":"qty: Must be greater than or equal to 1","s":"error"}},"timestamp":"2025-05-16 17:40:33,209+0530","service":"FyersAPI"}
{"level":"ERROR","location":"[post_call:89] fyersModel","message":{"API":"/orders/sync","Error":{"code":-50,"message":"qty: Must be greater than or equal to 1","s":"error"}},"timestamp":"2025-05-16 17:40:33,951+0530","service":"FyersAPI"}
{"level":"ERROR","location":"[post_call:89] fyersModel","message":{"API":"/orders/sync","Error":{"code":-50,"message":"qty: Must be greater than or equal to 1","s":"error"}},"timestamp":"2025-05-16 17:40:34,720+0530","service":"FyersAPI"}
{"level":"ERROR","location":"[post_call:89] fyersModel","message":{"API":"/orders/sync","Error":{"code":-50,"message":"qty: Must be greater than or equal to 1","s":"error"}},"timestamp":"2025-05-16 23:30:40,143+0530","service":"FyersAPI"}
{"level":"ERROR","location":"[post_call:89] fyersModel","message":{"API":"/orders/sync","Error":{"code":-50,"message":"qty: Must be greater than or equal to 1","s":"error"}},"timestamp":"2025-05-16 23:30:40,683+0530","service":"FyersAPI"}
{"level":"ERROR","location":"[post_call:89] fyersModel","message":{"API":"/orders/sync","Error":{"code":-50,"message":"qty: Must be greater than or equal to 1","s":"error"}},"timestamp":"2025-05-16 23:30:41,196+0530","service":"FyersAPI"}
{"level":"ERROR","location":"[post_call:89] fyersModel","message":{"API":"/orders/sync","Error":{"code":-50,"message":"qty: Must be greater than or equal to 1","s":"error"}},"timestamp":"2025-05-16 23:30:41,734+0530","service":"FyersAPI"}
{"level":"ERROR","location":"[post_call:89] fyersModel","message":{"API":"/orders/sync","Error":{"code":-50,"message":"qty: Must be greater than or equal to 1","s":"error"}},"timestamp":"2025-05-16 23:31:14,836+0530","service":"FyersAPI"}
{"level":"ERROR","location":"[post_call:89] fyersModel","message":{"API":"/orders/sync","Error":{"code":-50,"message":"qty: Must be greater than or equal to 1","s":"error"}},"timestamp":"2025-05-16 23:31:15,833+0530","service":"FyersAPI"}
{"level":"ERROR","location":"[post_call:89] fyersModel","message":{"API":"/orders/sync","Error":{"code":-50,"message":"qty: Must be greater than or equal to 1","s":"error"}},"timestamp":"2025-05-16 23:31:16,338+0530","service":"FyersAPI"}
{"level":"ERROR","location":"[post_call:89] fyersModel","message":{"API":"/orders/sync","Error":{"code":-50,"message":"qty: Must be greater than or equal to 1","s":"error"}},"timestamp":"2025-05-16 23:31:16,894+0530","service":"FyersAPI"}
{"level":"ERROR","location":"[post_call:89] fyersModel","message":{"API":"/orders/sync","Error":{"code":-50,"message":"qty: Must be greater than or equal to 1","s":"error"}},"timestamp":"2025-05-16 23:41:13,525+0530","service":"FyersAPI"}
{"level":"ERROR","location":"[post_call:89] fyersModel","message":{"API":"/orders/sync","Error":{"code":-50,"message":"qty: Must be greater than or equal to 1","s":"error"}},"timestamp":"2025-05-16 23:41:14,343+0530","service":"FyersAPI"}
{"level":"ERROR","location":"[post_call:89] fyersModel","message":{"API":"/orders/sync","Error":{"code":-50,"message":"qty: Must be greater than or equal to 1","s":"error"}},"timestamp":"2025-05-16 23:41:14,874+0530","service":"FyersAPI"}
{"level":"ERROR","location":"[post_call:89] fyersModel","message":{"API":"/orders/sync","Error":{"code":-50,"message":"qty: Must be greater than or equal to 1","s":"error"}},"timestamp":"2025-05-16 23:41:15,627+0530","service":"FyersAPI"}
{"level":"ERROR","location":"[post_call:89] fyersModel","message":{"API":"/orders/sync","Error":{"code":-50,"message":"qty: Must be greater than or equal to 1","s":"error"}},"timestamp":"2025-05-16 23:44:03,123+0530","service":"FyersAPI"}
{"level":"ERROR","location":"[post_call:89] fyersModel","message":{"API":"/orders/sync","Error":{"code":-50,"message":"qty: Must be greater than or equal to 1","s":"error"}},"timestamp":"2025-05-16 23:44:03,687+0530","service":"FyersAPI"}
{"level":"ERROR","location":"[post_call:89] fyersModel","message":{"API":"/orders/sync","Error":{"code":-50,"message":"qty: Must be greater than or equal to 1","s":"error"}},"timestamp":"2025-05-16 23:44:04,194+0530","service":"FyersAPI"}
{"level":"ERROR","location":"[post_call:89] fyersModel","message":{"API":"/orders/sync","Error":{"code":-50,"message":"qty: Must be greater than or equal to 1","s":"error"}},"timestamp":"2025-05-16 23:44:04,712+0530","service":"FyersAPI"}
{"level":"ERROR","location":"[post_call:89] fyersModel","message":{"API":"/orders/sync","Error":{"code":-50,"message":"qty: Must be greater than or equal to 1","s":"error"}},"timestamp":"2025-05-16 23:46:43,611+0530","service":"FyersAPI"}
{"level":"ERROR","location":"[post_call:89] fyersModel","message":{"API":"/orders/sync","Error":{"code":-50,"message":"qty: Must be greater than or equal to 1","s":"error"}},"timestamp":"2025-05-16 23:46:44,112+0530","service":"FyersAPI"}
{"level":"ERROR","location":"[post_call:89] fyersModel","message":{"API":"/orders/sync","Error":{"code":-50,"message":"qty: Must be greater than or equal to 1","s":"error"}},"timestamp":"2025-05-16 23:46:44,679+0530","service":"FyersAPI"}
{"level":"ERROR","location":"[post_call:89] fyersModel","message":{"API":"/orders/sync","Error":{"code":-50,"message":"qty: Must be greater than or equal to 1","s":"error"}},"timestamp":"2025-05-16 23:46:45,182+0530","service":"FyersAPI"}
{"level":"ERROR","location":"[post_call:89] fyersModel","message":{"API":"/orders/sync","Error":{"code":-50,"message":"qty: Must be greater than or equal to 1","s":"error"}},"timestamp":"2025-05-16 23:47:44,884+0530","service":"FyersAPI"}
{"level":"ERROR","location":"[post_call:89] fyersModel","message":{"API":"/orders/sync","Error":{"code":-50,"message":"qty: Must be greater than or equal to 1","s":"error"}},"timestamp":"2025-05-16 23:47:45,379+0530","service":"FyersAPI"}
{"level":"ERROR","location":"[post_call:89] fyersModel","message":{"API":"/orders/sync","Error":{"code":-50,"message":"qty: Must be greater than or equal to 1","s":"error"}},"timestamp":"2025-05-16 23:47:45,901+0530","service":"FyersAPI"}
{"level":"ERROR","location":"[post_call:89] fyersModel","message":{"API":"/orders/sync","Error":{"code":-50,"message":"qty: Must be greater than or equal to 1","s":"error"}},"timestamp":"2025-05-16 23:47:46,533+0530","service":"FyersAPI"}
{"level":"ERROR","location":"[post_call:89] fyersModel","message":{"API":"/orders/sync","Error":{"code":-50,"message":"qty: Must be greater than or equal to 1","s":"error"}},"timestamp":"2025-05-16 23:49:39,926+0530","service":"FyersAPI"}
{"level":"ERROR","location":"[post_call:89] fyersModel","message":{"API":"/orders/sync","Error":{"code":-50,"message":"qty: Must be greater than or equal to 1","s":"error"}},"timestamp":"2025-05-16 23:49:40,421+0530","service":"FyersAPI"}
{"level":"ERROR","location":"[post_call:89] fyersModel","message":{"API":"/orders/sync","Error":{"code":-50,"message":"qty: Must be greater than or equal to 1","s":"error"}},"timestamp":"2025-05-16 23:49:40,921+0530","service":"FyersAPI"}
{"level":"ERROR","location":"[post_call:89] fyersModel","message":{"API":"/orders/sync","Error":{"code":-50,"message":"qty: Must be greater than or equal to 1","s":"error"}},"timestamp":"2025-05-16 23:49:41,410+0530","service":"FyersAPI"}
{"level":"ERROR","location":"[post_call:89] fyersModel","message":{"API":"/orders/sync","Error":{"code":-50,"message":"qty: Must be greater than or equal to 1","s":"error"}},"timestamp":"2025-05-16 23:55:43,287+0530","service":"FyersAPI"}
{"level":"ERROR","location":"[post_call:89] fyersModel","message":{"API":"/orders/sync","Error":{"code":-50,"message":"qty: Must be greater than or equal to 1","s":"error"}},"timestamp":"2025-05-16 23:55:43,782+0530","service":"FyersAPI"}
{"level":"ERROR","location":"[post_call:89] fyersModel","message":{"API":"/orders/sync","Error":{"code":-50,"message":"qty: Must be greater than or equal to 1","s":"error"}},"timestamp":"2025-05-16 23:55:44,793+0530","service":"FyersAPI"}
{"level":"ERROR","location":"[post_call:89] fyersModel","message":{"API":"/orders/sync","Error":{"code":-50,"message":"qty: Must be greater than or equal to 1","s":"error"}},"timestamp":"2025-05-16 23:55:45,796+0530","service":"FyersAPI"}
{"level":"ERROR","location":"[post_call:89] fyersModel","message":{"API":"/orders/sync","Error":{"code":-50,"message":"qty: Must be greater than or equal to 1","s":"error"}},"timestamp":"2025-05-16 23:56:36,109+0530","service":"FyersAPI"}
{"level":"ERROR","location":"[post_call:89] fyersModel","message":{"API":"/orders/sync","Error":{"code":-50,"message":"qty: Must be greater than or equal to 1","s":"error"}},"timestamp":"2025-05-16 23:56:36,617+0530","service":"FyersAPI"}
{"level":"ERROR","location":"[post_call:89] fyersModel","message":{"API":"/orders/sync","Error":{"code":-50,"message":"qty: Must be greater than or equal to 1","s":"error"}},"timestamp":"2025-05-16 23:56:37,120+0530","service":"FyersAPI"}
{"level":"ERROR","location":"[post_call:89] fyersModel","message":{"API":"/orders/sync","Error":{"code":-50,"message":"qty: Must be greater than or equal to 1","s":"error"}},"timestamp":"2025-05-16 23:56:38,097+0530","service":"FyersAPI"}
